Times changed to
Action 1:    04:42
Action 2:    03:52
Action 3:    01:03
Action 4:    13:32
Action 5:    04:02
