Mobbers in List for Each Change
Action 1:
Action 2:Joe (Current) (Next) (Navigator), 
Action 3:Joe (Current), Chris (Next) (Navigator), 
Action 4:Joe (Current), Chris, Sam (Next) (Navigator), 
Action 5:Joe (Current), Chris, Sam, John (Next) (Navigator), 
Action 6:Joe, Chris (Next) (Navigator), Sam, John (Current), 
Action 7:Joe, Chris (Next) (Navigator), Sam, John (Current), Bill, 
Action 8:Joe, Chris (Current), Sam (Next) (Navigator), John, Bill, 
Action 9:Joe, Chris, Sam (Current), John (Next) (Navigator), Bill, 
Action 10:Joe, Chris (Next) (Navigator), Sam, John (Current), Bill, 
Action 11:Hello, Eric (Next) (Navigator), Joe, 
Action 12:Hello, Eric (Current), Joe (Next) (Navigator), 
Action 13:Hello, Eric (Next) (Navigator), Joe (Current), 
Action 14:Hello (Current), Eric (Next) (Navigator), 
Action 15:Eric (Current) (Next) (Navigator), 
Action 16:Eric (Current) (Next) (Navigator), 
Action 17:Eric (Current), Seth (Next) (Navigator), 
Action 18:Seth (Current), Eric (Next) (Navigator), 
Action 19:Seth (Current), Eric, Fredrick (Next) (Navigator), 
Action 20:Seth (Current), Fredrick (Next) (Navigator), Eric, 
Action 21:Seth (Current), Eric (Next) (Navigator), 
Action 22:Eric (Current) (Next) (Navigator), 
Action 23:
