Mobbers in List for Each Change
Action 1:
Action 2:Joe (Current) (Next) (Navigator), 
Action 3:Joe (Current), Chris (Next) (Navigator), 
Action 4:Joe (Current), Chris (Next), Sam (Navigator), 
Action 5:Joe (Current), Chris (Next), Sam, John (Navigator), 
Action 6:Joe (Navigator), Chris (Current), Sam (Next), John, 
Action 7:Joe (Navigator), Chris (Current), Sam (Next), John, Bill, 
Action 8:Joe, Chris (Navigator), Sam (Current), John (Next), Bill, 
Action 9:Joe, Chris, Sam (Navigator), John (Current), Bill (Next), 
Action 10:Joe (Next), Chris, Sam, John (Navigator), Bill (Current), 
Action 11:Joe (Current), Chris (Next), Sam, John, Bill (Navigator), 
Action 12:Joe (Navigator), Chris (Current), Sam (Next), John, Bill, 
Action 13:Joe (Navigator), Chris (Current), John (Next), Bill, 
Action 14:Chris (Navigator), John (Current), Bill (Next), 
Action 15:Chris (Next), John (Navigator), Bill (Current), 
Action 16:Chris (Navigator), John (Current), Bill (Next), 
Action 17:Chris (Navigator), John (Current), Bill (Next), Seth, 
Action 18:Chris (Current), John (Next), Bill, Seth (Navigator), 
Action 19:Chris (Next), John, Bill (Navigator), Seth (Current), 
Action 20:Chris, John (Navigator), Bill (Current), Seth (Next), 
Action 21:John, Chris (Navigator), Bill (Current), Seth (Next), 
Action 22:John, Chris (Navigator), Bill (Current), Seth (Next), Fredrick, 
Action 23:John, Bill (Navigator), Chris (Current), Seth (Next), Fredrick, 
Action 24:John, Chris (Navigator), Seth (Current), Fredrick (Next), 
Action 25:Chris (Next), Seth (Navigator), Fredrick (Current), 
Action 26:Seth (Current), Fredrick (Next) (Navigator), 
